// Jest Snapshot v1, https://goo.gl/fbAQLP

exports[`Wrapper renders correctly 1`] = `
ShallowWrapper {
  "length": 1,
  Symbol(enzyme.__root__): [Circular],
  Symbol(enzyme.__unrendered__): <Wrapper />,
  Symbol(enzyme.__renderer__): Object {
    "batchedUpdates": [Function],
    "getNode": [Function],
    "render": [Function],
    "simulateEvent": [Function],
    "unmount": [Function],
  },
  Symbol(enzyme.__node__): Object {
    "instance": null,
    "key": undefined,
    "nodeType": "host",
    "props": Object {
      "children": Array [
        <Header />,
        <PlayerTurn />,
        <Arena
          boxes={
                    Array [
                              <Box
                                handlePlayerMove={[Function]}
                                id={0}
                    />,
                              <Box
                                handlePlayerMove={[Function]}
                                id={1}
                    />,
                              <Box
                                handlePlayerMove={[Function]}
                                id={2}
                    />,
                              <Box
                                handlePlayerMove={[Function]}
                                id={3}
                    />,
                              <Box
                                handlePlayerMove={[Function]}
                                id={4}
                    />,
                              <Box
                                handlePlayerMove={[Function]}
                                id={5}
                    />,
                              <Box
                                handlePlayerMove={[Function]}
                                id={6}
                    />,
                              <Box
                                handlePlayerMove={[Function]}
                                id={7}
                    />,
                              <Box
                                handlePlayerMove={[Function]}
                                id={8}
                    />,
                            ]
          }
/>,
      ],
    },
    "ref": null,
    "rendered": Array [
      Object {
        "instance": null,
        "key": undefined,
        "nodeType": "function",
        "props": Object {},
        "ref": null,
        "rendered": null,
        "type": [Function],
      },
      Object {
        "instance": null,
        "key": undefined,
        "nodeType": "function",
        "props": Object {},
        "ref": null,
        "rendered": null,
        "type": [Function],
      },
      Object {
        "instance": null,
        "key": undefined,
        "nodeType": "function",
        "props": Object {
          "boxes": Array [
            <Box
              handlePlayerMove={[Function]}
              id={0}
/>,
            <Box
              handlePlayerMove={[Function]}
              id={1}
/>,
            <Box
              handlePlayerMove={[Function]}
              id={2}
/>,
            <Box
              handlePlayerMove={[Function]}
              id={3}
/>,
            <Box
              handlePlayerMove={[Function]}
              id={4}
/>,
            <Box
              handlePlayerMove={[Function]}
              id={5}
/>,
            <Box
              handlePlayerMove={[Function]}
              id={6}
/>,
            <Box
              handlePlayerMove={[Function]}
              id={7}
/>,
            <Box
              handlePlayerMove={[Function]}
              id={8}
/>,
          ],
        },
        "ref": null,
        "rendered": null,
        "type": [Function],
      },
    ],
    "type": "div",
  },
  Symbol(enzyme.__nodes__): Array [
    Object {
      "instance": null,
      "key": undefined,
      "nodeType": "host",
      "props": Object {
        "children": Array [
          <Header />,
          <PlayerTurn />,
          <Arena
            boxes={
                        Array [
                                    <Box
                                      handlePlayerMove={[Function]}
                                      id={0}
                        />,
                                    <Box
                                      handlePlayerMove={[Function]}
                                      id={1}
                        />,
                                    <Box
                                      handlePlayerMove={[Function]}
                                      id={2}
                        />,
                                    <Box
                                      handlePlayerMove={[Function]}
                                      id={3}
                        />,
                                    <Box
                                      handlePlayerMove={[Function]}
                                      id={4}
                        />,
                                    <Box
                                      handlePlayerMove={[Function]}
                                      id={5}
                        />,
                                    <Box
                                      handlePlayerMove={[Function]}
                                      id={6}
                        />,
                                    <Box
                                      handlePlayerMove={[Function]}
                                      id={7}
                        />,
                                    <Box
                                      handlePlayerMove={[Function]}
                                      id={8}
                        />,
                                  ]
            }
/>,
        ],
      },
      "ref": null,
      "rendered": Array [
        Object {
          "instance": null,
          "key": undefined,
          "nodeType": "function",
          "props": Object {},
          "ref": null,
          "rendered": null,
          "type": [Function],
        },
        Object {
          "instance": null,
          "key": undefined,
          "nodeType": "function",
          "props": Object {},
          "ref": null,
          "rendered": null,
          "type": [Function],
        },
        Object {
          "instance": null,
          "key": undefined,
          "nodeType": "function",
          "props": Object {
            "boxes": Array [
              <Box
                handlePlayerMove={[Function]}
                id={0}
/>,
              <Box
                handlePlayerMove={[Function]}
                id={1}
/>,
              <Box
                handlePlayerMove={[Function]}
                id={2}
/>,
              <Box
                handlePlayerMove={[Function]}
                id={3}
/>,
              <Box
                handlePlayerMove={[Function]}
                id={4}
/>,
              <Box
                handlePlayerMove={[Function]}
                id={5}
/>,
              <Box
                handlePlayerMove={[Function]}
                id={6}
/>,
              <Box
                handlePlayerMove={[Function]}
                id={7}
/>,
              <Box
                handlePlayerMove={[Function]}
                id={8}
/>,
            ],
          },
          "ref": null,
          "rendered": null,
          "type": [Function],
        },
      ],
      "type": "div",
    },
  ],
  Symbol(enzyme.__options__): Object {
    "adapter": ReactSixteenAdapter {
      "options": Object {
        "enableComponentDidUpdateOnSetState": true,
      },
    },
    "disableLifecycleMethods": true,
  },
}
`;
